Archive member included to satisfy reference by file (symbol)

/home/nahit/Ac6/SystemWorkbench/plugins/fr.ac6.mcu.externaltools.arm-none.linux64_1.13.1.201703061524/tools/compiler/bin/../lib/gcc/arm-none-eabi/5.4.1/armv6-m/libgcc.a(_udivsi3.o)
                              HAL_Driver/Src/stm32l0xx_hal.o (__aeabi_uidiv)
/home/nahit/Ac6/SystemWorkbench/plugins/fr.ac6.mcu.externaltools.arm-none.linux64_1.13.1.201703061524/tools/compiler/bin/../lib/gcc/arm-none-eabi/5.4.1/armv6-m/libgcc.a(_divsi3.o)
                              src/lmic.o (__aeabi_idiv)
/home/nahit/Ac6/SystemWorkbench/plugins/fr.ac6.mcu.externaltools.arm-none.linux64_1.13.1.201703061524/tools/compiler/bin/../lib/gcc/arm-none-eabi/5.4.1/armv6-m/libgcc.a(_dvmd_tls.o)
                              /home/nahit/Ac6/SystemWorkbench/plugins/fr.ac6.mcu.externaltools.arm-none.linux64_1.13.1.201703061524/tools/compiler/bin/../lib/gcc/arm-none-eabi/5.4.1/armv6-m/libgcc.a(_udivsi3.o) (__aeabi_idiv0)
/home/nahit/Ac6/SystemWorkbench/plugins/fr.ac6.mcu.externaltools.arm-none.linux64_1.13.1.201703061524/tools/compiler/bin/../lib/gcc/arm-none-eabi/5.4.1/armv6-m/libgcc.a(_aeabi_ldivmod.o)
                              src/lmic.o (__aeabi_ldivmod)
/home/nahit/Ac6/SystemWorkbench/plugins/fr.ac6.mcu.externaltools.arm-none.linux64_1.13.1.201703061524/tools/compiler/bin/../lib/gcc/arm-none-eabi/5.4.1/armv6-m/libgcc.a(_aeabi_uldivmod.o)
                              HAL_Driver/Src/stm32l0xx_hal_uart.o (__aeabi_uldivmod)
/home/nahit/Ac6/SystemWorkbench/plugins/fr.ac6.mcu.externaltools.arm-none.linux64_1.13.1.201703061524/tools/compiler/bin/../lib/gcc/arm-none-eabi/5.4.1/armv6-m/libgcc.a(_muldi3.o)
                              src/lmic.o (__aeabi_lmul)
/home/nahit/Ac6/SystemWorkbench/plugins/fr.ac6.mcu.externaltools.arm-none.linux64_1.13.1.201703061524/tools/compiler/bin/../lib/gcc/arm-none-eabi/5.4.1/armv6-m/libgcc.a(_udivmoddi4.o)
                              /home/nahit/Ac6/SystemWorkbench/plugins/fr.ac6.mcu.externaltools.arm-none.linux64_1.13.1.201703061524/tools/compiler/bin/../lib/gcc/arm-none-eabi/5.4.1/armv6-m/libgcc.a(_aeabi_uldivmod.o) (__udivmoddi4)
/home/nahit/Ac6/SystemWorkbench/plugins/fr.ac6.mcu.externaltools.arm-none.linux64_1.13.1.201703061524/tools/compiler/bin/../lib/gcc/arm-none-eabi/5.4.1/armv6-m/libgcc.a(bpabi.o)
                              /home/nahit/Ac6/SystemWorkbench/plugins/fr.ac6.mcu.externaltools.arm-none.linux64_1.13.1.201703061524/tools/compiler/bin/../lib/gcc/arm-none-eabi/5.4.1/armv6-m/libgcc.a(_aeabi_ldivmod.o) (__gnu_ldivmod_helper)
/home/nahit/Ac6/SystemWorkbench/plugins/fr.ac6.mcu.externaltools.arm-none.linux64_1.13.1.201703061524/tools/compiler/bin/../lib/gcc/arm-none-eabi/5.4.1/armv6-m/libgcc.a(_clzdi2.o)
                              /home/nahit/Ac6/SystemWorkbench/plugins/fr.ac6.mcu.externaltools.arm-none.linux64_1.13.1.201703061524/tools/compiler/bin/../lib/gcc/arm-none-eabi/5.4.1/armv6-m/libgcc.a(_udivmoddi4.o) (__clzdi2)
/home/nahit/Ac6/SystemWorkbench/plugins/fr.ac6.mcu.externaltools.arm-none.linux64_1.13.1.201703061524/tools/compiler/bin/../lib/gcc/arm-none-eabi/5.4.1/armv6-m/libgcc.a(_divdi3.o)
                              /home/nahit/Ac6/SystemWorkbench/plugins/fr.ac6.mcu.externaltools.arm-none.linux64_1.13.1.201703061524/tools/compiler/bin/../lib/gcc/arm-none-eabi/5.4.1/armv6-m/libgcc.a(bpabi.o) (__divdi3)
/home/nahit/Ac6/SystemWorkbench/plugins/fr.ac6.mcu.externaltools.arm-none.linux64_1.13.1.201703061524/tools/compiler/bin/../lib/gcc/arm-none-eabi/5.4.1/armv6-m/libgcc.a(_clzsi2.o)
                              /home/nahit/Ac6/SystemWorkbench/plugins/fr.ac6.mcu.externaltools.arm-none.linux64_1.13.1.201703061524/tools/compiler/bin/../lib/gcc/arm-none-eabi/5.4.1/armv6-m/libgcc.a(_clzdi2.o) (__clzsi2)
/home/nahit/Ac6/SystemWorkbench/plugins/fr.ac6.mcu.externaltools.arm-none.linux64_1.13.1.201703061524/tools/compiler/bin/../lib/gcc/arm-none-eabi/5.4.1/../../../../arm-none-eabi/lib/armv6-m/libc.a(lib_a-errno.o)
                              src/syscalls.o (__errno)
/home/nahit/Ac6/SystemWorkbench/plugins/fr.ac6.mcu.externaltools.arm-none.linux64_1.13.1.201703061524/tools/compiler/bin/../lib/gcc/arm-none-eabi/5.4.1/../../../../arm-none-eabi/lib/armv6-m/libc.a(lib_a-exit.o)
                              /home/nahit/Ac6/SystemWorkbench/plugins/fr.ac6.mcu.externaltools.arm-none.linux64_1.13.1.201703061524/tools/compiler/bin/../lib/gcc/arm-none-eabi/5.4.1/../../../../arm-none-eabi/lib/armv6-m/crt0.o (exit)
/home/nahit/Ac6/SystemWorkbench/plugins/fr.ac6.mcu.externaltools.arm-none.linux64_1.13.1.201703061524/tools/compiler/bin/../lib/gcc/arm-none-eabi/5.4.1/../../../../arm-none-eabi/lib/armv6-m/libc.a(lib_a-impure.o)
                              /home/nahit/Ac6/SystemWorkbench/plugins/fr.ac6.mcu.externaltools.arm-none.linux64_1.13.1.201703061524/tools/compiler/bin/../lib/gcc/arm-none-eabi/5.4.1/../../../../arm-none-eabi/lib/armv6-m/libc.a(lib_a-exit.o) (_global_impure_ptr)
[...]
Memory Configuration

Name             Origin             Length             Attributes
FLASH            0x08000000         0x00030000         xr
RAM              0x20000000         0x00005000         xrw
*default*        0x00000000         0xffffffff

Linker script and memory map

LOAD /home/nahit/Ac6/SystemWorkbench/plugins/fr.ac6.mcu.externaltools.arm-none.linux64_1.13.1.201703061524/tools/compiler/bin/../lib/gcc/arm-none-eabi/5.4.1/armv6-m/crti.o
LOAD /home/nahit/Ac6/SystemWorkbench/plugins/fr.ac6.mcu.externaltools.arm-none.linux64_1.13.1.201703061524/tools/compiler/bin/../lib/gcc/arm-none-eabi/5.4.1/armv6-m/crtbegin.o
LOAD /home/nahit/Ac6/SystemWorkbench/plugins/fr.ac6.mcu.externaltools.arm-none.linux64_1.13.1.201703061524/tools/compiler/bin/../lib/gcc/arm-none-eabi/5.4.1/../../../../arm-none-eabi/lib/armv6-m/crt0.o
LOAD /home/nahit/Ac6/SystemWorkbench/plugins/fr.ac6.mcu.externaltools.arm-none.linux64_1.13.1.201703061524/tools/compiler/bin/../lib/gcc/arm-none-eabi/5.4.1/../../../../arm-none-eabi/lib/armv6-m/libm.a
LOAD HAL_Driver/Src/stm32l0xx_hal.o
LOAD HAL_Driver/Src/stm32l0xx_hal_adc.o
LOAD HAL_Driver/Src/stm32l0xx_hal_adc_ex.o
LOAD HAL_Driver/Src/stm32l0xx_hal_comp.o
LOAD HAL_Driver/Src/stm32l0xx_hal_comp_ex.o
LOAD HAL_Driver/Src/stm32l0xx_hal_cortex.o
LOAD HAL_Driver/Src/stm32l0xx_hal_crc.o
LOAD HAL_Driver/Src/stm32l0xx_hal_crc_ex.o
LOAD HAL_Driver/Src/stm32l0xx_hal_cryp.o
LOAD HAL_Driver/Src/stm32l0xx_hal_cryp_ex.o
LOAD HAL_Driver/Src/stm32l0xx_hal_dac.o
LOAD HAL_Driver/Src/stm32l0xx_hal_dac_ex.o
LOAD HAL_Driver/Src/stm32l0xx_hal_dma.o
LOAD HAL_Driver/Src/stm32l0xx_hal_firewall.o
LOAD HAL_Driver/Src/stm32l0xx_hal_flash.o
LOAD HAL_Driver/Src/stm32l0xx_hal_flash_ex.o
LOAD HAL_Driver/Src/stm32l0xx_hal_flash_ramfunc.o
LOAD HAL_Driver/Src/stm32l0xx_hal_gpio.o
LOAD HAL_Driver/Src/stm32l0xx_hal_i2c.o
LOAD HAL_Driver/Src/stm32l0xx_hal_i2c_ex.o
LOAD HAL_Driver/Src/stm32l0xx_hal_i2s.o
LOAD HAL_Driver/Src/stm32l0xx_hal_irda.o
LOAD HAL_Driver/Src/stm32l0xx_hal_iwdg.o
LOAD HAL_Driver/Src/stm32l0xx_hal_lcd.o
LOAD HAL_Driver/Src/stm32l0xx_hal_lptim.o
LOAD HAL_Driver/Src/stm32l0xx_hal_msp_template.o
LOAD HAL_Driver/Src/stm32l0xx_hal_pcd.o
LOAD HAL_Driver/Src/stm32l0xx_hal_pcd_ex.o
LOAD HAL_Driver/Src/stm32l0xx_hal_pwr.o
LOAD HAL_Driver/Src/stm32l0xx_hal_pwr_ex.o
LOAD HAL_Driver/Src/stm32l0xx_hal_rcc.o
LOAD HAL_Driver/Src/stm32l0xx_hal_rcc_ex.o
LOAD HAL_Driver/Src/stm32l0xx_hal_rng.o
LOAD HAL_Driver/Src/stm32l0xx_hal_rtc.o
LOAD HAL_Driver/Src/stm32l0xx_hal_rtc_ex.o
LOAD HAL_Driver/Src/stm32l0xx_hal_smartcard.o
LOAD HAL_Driver/Src/stm32l0xx_hal_smartcard_ex.o
LOAD HAL_Driver/Src/stm32l0xx_hal_smbus.o
LOAD HAL_Driver/Src/stm32l0xx_hal_spi.o
LOAD HAL_Driver/Src/stm32l0xx_hal_tim.o
LOAD HAL_Driver/Src/stm32l0xx_hal_tim_ex.o
LOAD HAL_Driver/Src/stm32l0xx_hal_tsc.o
LOAD HAL_Driver/Src/stm32l0xx_hal_uart.o
LOAD HAL_Driver/Src/stm32l0xx_hal_uart_ex.o
LOAD HAL_Driver/Src/stm32l0xx_hal_usart.o
LOAD HAL_Driver/Src/stm32l0xx_hal_wwdg.o
LOAD HAL_Driver/Src/stm32l0xx_ll_adc.o
LOAD HAL_Driver/Src/stm32l0xx_ll_comp.o
LOAD HAL_Driver/Src/stm32l0xx_ll_crc.o
LOAD HAL_Driver/Src/stm32l0xx_ll_crs.o
LOAD HAL_Driver/Src/stm32l0xx_ll_dac.o
LOAD HAL_Driver/Src/stm32l0xx_ll_dma.o
LOAD HAL_Driver/Src/stm32l0xx_ll_exti.o
LOAD HAL_Driver/Src/stm32l0xx_ll_gpio.o
LOAD HAL_Driver/Src/stm32l0xx_ll_i2c.o
LOAD HAL_Driver/Src/stm32l0xx_ll_lptim.o
LOAD HAL_Driver/Src/stm32l0xx_ll_lpuart.o
LOAD HAL_Driver/Src/stm32l0xx_ll_pwr.o
LOAD HAL_Driver/Src/stm32l0xx_ll_rcc.o
LOAD HAL_Driver/Src/stm32l0xx_ll_rng.o
LOAD HAL_Driver/Src/stm32l0xx_ll_rtc.o
LOAD HAL_Driver/Src/stm32l0xx_ll_spi.o
LOAD HAL_Driver/Src/stm32l0xx_ll_tim.o
LOAD HAL_Driver/Src/stm32l0xx_ll_usart.o
LOAD HAL_Driver/Src/stm32l0xx_ll_utils.o
LOAD Utilities/stm32l0xx_nucleo.o
LOAD src/aes.o
LOAD src/debug.o
LOAD src/hal.o
LOAD src/hw.o
LOAD src/lmic.o
LOAD src/main.o
LOAD src/oslmic.o
LOAD src/radio.o
LOAD src/stm32l0xx_it.o
LOAD src/syscalls.o
LOAD src/system_stm32l0xx.o
LOAD startup/startup_stm32l073xx.o
START GROUP
LOAD /home/nahit/Ac6/SystemWorkbench/plugins/fr.ac6.mcu.externaltools.arm-none.linux64_1.13.1.201703061524/tools/compiler/bin/../lib/gcc/arm-none-eabi/5.4.1/armv6-m/libgcc.a
LOAD /home/nahit/Ac6/SystemWorkbench/plugins/fr.ac6.mcu.externaltools.arm-none.linux64_1.13.1.201703061524/tools/compiler/bin/../lib/gcc/arm-none-eabi/5.4.1/../../../../arm-none-eabi/lib/armv6-m/libc.a
END GROUP
LOAD /home/nahit/Ac6/SystemWorkbench/plugins/fr.ac6.mcu.externaltools.arm-none.linux64_1.13.1.201703061524/tools/compiler/bin/../lib/gcc/arm-none-eabi/5.4.1/armv6-m/crtend.o
LOAD /home/nahit/Ac6/SystemWorkbench/plugins/fr.ac6.mcu.externaltools.arm-none.linux64_1.13.1.201703061524/tools/compiler/bin/../lib/gcc/arm-none-eabi/5.4.1/armv6-m/crtn.o
                0x20005000                _estack = 0x20005000
                0x00000200                _Min_Heap_Size = 0x200
                0x00000400                _Min_Stack_Size = 0x400

.isr_vector     0x08000000       0xc0
                0x08000000                . = ALIGN (0x4)
 *(.isr_vector)
 .isr_vector    0x08000000       0xc0 startup/startup_stm32l073xx.o
                0x08000000                g_pfnVectors
                0x080000c0                . = ALIGN (0x4)

.text           0x080000c0     0x1d9c
                0x080000c0                . = ALIGN (0x4)
 *(.text)
 .text          0x080000c0       0x60 /home/nahit/Ac6/SystemWorkbench/plugins/fr.ac6.mcu.externaltools.arm-none.linux64_1.13.1.201703061524/tools/compiler/bin/../lib/gcc/arm-none-eabi/5.4.1/armv6-m/crtbegin.o
 .text          0x08000120      0x114 /home/nahit/Ac6/SystemWorkbench/plugins/fr.ac6.mcu.externaltools.arm-none.linux64_1.13.1.201703061524/tools/compiler/bin/../lib/gcc/arm-none-eabi/5.4.1/armv6-m/libgcc.a(_udivsi3.o)
                0x08000120                __udivsi3
                0x08000120                __aeabi_uidiv
                0x0800022c                __aeabi_uidivmod
 .text          0x08000234        0x4 /home/nahit/Ac6/SystemWorkbench/plugins/fr.ac6.mcu.externaltools.arm-none.linux64_1.13.1.201703061524/tools/compiler/bin/../lib/gcc/arm-none-eabi/5.4.1/armv6-m/libgcc.a(_dvmd_tls.o)
                0x08000234                __aeabi_ldiv0
                0x08000234                __aeabi_idiv0
 .text          0x08000238       0x40 /home/nahit/Ac6/SystemWorkbench/plugins/fr.ac6.mcu.externaltools.arm-none.linux64_1.13.1.201703061524/tools/compiler/bin/../lib/gcc/arm-none-eabi/5.4.1/armv6-m/libgcc.a(_aeabi_uldivmod.o)
                0x08000238                __aeabi_uldivmod
 .text          0x08000278      0x180 /home/nahit/Ac6/SystemWorkbench/plugins/fr.ac6.mcu.externaltools.arm-none.linux64_1.13.1.201703061524/tools/compiler/bin/../lib/gcc/arm-none-eabi/5.4.1/armv6-m/libgcc.a(_udivmoddi4.o)
                0x08000278                __udivmoddi4
 .text          0x080003f8       0x18 /home/nahit/Ac6/SystemWorkbench/plugins/fr.ac6.mcu.externaltools.arm-none.linux64_1.13.1.201703061524/tools/compiler/bin/../lib/gcc/arm-none-eabi/5.4.1/armv6-m/libgcc.a(_clzdi2.o)
                0x080003f8                __clzdi2
 .text          0x08000410       0x3c /home/nahit/Ac6/SystemWorkbench/plugins/fr.ac6.mcu.externaltools.arm-none.linux64_1.13.1.201703061524/tools/compiler/bin/../lib/gcc/arm-none-eabi/5.4.1/armv6-m/libgcc.a(_clzsi2.o)
                0x08000410                __clzsi2
 *(.text*)
 .text.HAL_IncTick
                0x0800044c       0x18 HAL_Driver/Src/stm32l0xx_hal.o
                0x0800044c                HAL_IncTick
 .text.HAL_SYSTICK_IRQHandler
                0x08000464       0x10 HAL_Driver/Src/stm32l0xx_hal_cortex.o
                0x08000464                HAL_SYSTICK_IRQHandler
 .text.HAL_SYSTICK_Callback
                0x08000474        0xc HAL_Driver/Src/stm32l0xx_hal_cortex.o
                0x08000474                HAL_SYSTICK_Callback
 .text.debug_init
                0x08000480       0x80 src/debug.o
                0x08000480                debug_init
 .text.debug_led
                0x08000500       0x20 src/debug.o
                0x08000500                debug_led
 .text.debug_char
                0x08000520       0x2c src/debug.o
                0x08000520                debug_char
 .text.debug_hex
                0x0800054c       0x40 src/debug.o
                0x0800054c                debug_hex
 .text.debug_uint
                0x0800058c       0x4c src/debug.o
                0x0800058c                debug_uint
 .text.debug_str
                0x080005d8       0x28 src/debug.o
                0x080005d8                debug_str
 .text.debug_val
                0x08000600       0x30 src/debug.o
                0x08000600                debug_val
 .text.NVIC_EnableIRQ
                0x08000630       0x2c src/hal.o
 .text.hal_io_init
                0x0800065c       0xec src/hal.o
 .text.hal_pin_rxtx
                0x08000748       0x3c src/hal.o
                0x08000748                hal_pin_rxtx
 .text.hal_pin_nss
                0x08000784       0x28 src/hal.o
                0x08000784                hal_pin_nss
 .text.hal_pin_rst
                0x080007ac       0x58 src/hal.o
                0x080007ac                hal_pin_rst
 .text.EXTI_IRQHandler
                0x08000804       0x54 src/hal.o
                0x08000804                EXTI_IRQHandler
 .text.EXTI0_1_IRQHandler
                0x08000858       0x10 src/hal.o
                0x08000858                EXTI0_1_IRQHandler
 .text.EXTI2_3_IRQHandler
                0x08000868       0x10 src/hal.o
                0x08000868                EXTI2_3_IRQHandler
 .text.EXTI4_15_IRQHandler
                0x08000878       0x10 src/hal.o
                0x08000878                EXTI4_15_IRQHandler
 .text.hal_spi_init
                0x08000888       0x58 src/hal.o
 .text.hal_spi  0x080008e0       0x34 src/hal.o
                0x080008e0                hal_spi
 .text.hal_time_init
                0x08000914       0x70 src/hal.o
 .text.hal_ticks
                0x08000984       0x50 src/hal.o
                0x08000984                hal_ticks
 .text.deltaticks
                0x080009d4       0x3c src/hal.o
 .text.hal_waitUntil
                0x08000a10       0x20 src/hal.o
                0x08000a10                hal_waitUntil
 .text.hal_checkTimer
                0x08000a30       0x74 src/hal.o
                0x08000a30                hal_checkTimer
 .text.TIM22_IRQHandler
                0x08000aa4       0x3c src/hal.o
                0x08000aa4                TIM22_IRQHandler
 .text.hal_disableIRQs
                0x08000ae0       0x1c src/hal.o
                0x08000ae0                hal_disableIRQs
 .text.hal_enableIRQs
                0x08000afc       0x24 src/hal.o
                0x08000afc                hal_enableIRQs
 .text.hal_sleep
                0x08000b20       0x1c src/hal.o
                0x08000b20                hal_sleep
 .text.hal_init
                0x08000b3c       0x30 src/hal.o
                0x08000b3c                hal_init
 .text.hal_failed
                0x08000b6c       0x10 src/hal.o
                0x08000b6c                hal_failed
 .text.NVIC_EnableIRQ
                0x08000b7c       0x2c src/hw.o
 .text.NVIC_SetPriority
                0x08000ba8       0xdc src/hw.o
 .text.hw_cfg_pin
                0x08000c84      0x144 src/hw.o
                0x08000c84                hw_cfg_pin
 .text.hw_set_pin
                0x08000dc8       0x48 src/hw.o
                0x08000dc8                hw_set_pin
 .text.hw_cfg_extirq
                0x08000e10      0x148 src/hw.o
                0x08000e10                hw_cfg_extirq
 .text.getSf    0x08000f58       0x20 src/lmic.o
                0x08000f58                getSf
 .text.getBw    0x08000f78       0x24 src/lmic.o
                0x08000f78                getBw
 .text.getCr    0x08000f9c       0x24 src/lmic.o
                0x08000f9c                getCr
 .text.getNocrc
                0x08000fc0       0x24 src/lmic.o
                0x08000fc0                getNocrc
 .text.getIh    0x08000fe4       0x24 src/lmic.o
                0x08000fe4                getIh
 .text.LMIC_init
                0x08001008       0x18 src/lmic.o
                0x08001008                LMIC_init
 .text.initfunc
                0x08001020       0x68 src/main.o
 .text.main     0x08001088       0x2c src/main.o
                0x08001088                main
 .text.os_init  0x080010b4       0x28 src/oslmic.o
                0x080010b4                os_init
 .text.os_getTime
                0x080010dc       0x10 src/oslmic.o
                0x080010dc                os_getTime
 .text.unlinkjob
                0x080010ec       0x3c src/oslmic.o
 .text.os_setCallback
                0x08001128       0x50 src/oslmic.o
                0x08001128                os_setCallback
 .text.os_setTimedCallback
                0x08001178       0x70 src/oslmic.o
                0x08001178                os_setTimedCallback
 .text.os_runloop
                0x080011e8       0x6c src/oslmic.o
                0x080011e8                os_runloop
 .text.writeReg
                0x08001254       0x44 src/radio.o
 .text.readReg  0x08001298       0x44 src/radio.o
 .text.readBuf  0x080012dc       0x74 src/radio.o
 .text.opmode   0x08001350       0x38 src/radio.o
 .text.opmodeLora
                0x08001388       0x2c src/radio.o
 .text.configLoraModem
                0x080013b4      0x18c src/radio.o
 .text.configChannel
                0x08001540       0x80 src/radio.o
 .text.rxlora   0x080015c0      0x108 src/radio.o
 .text.radio_init
                0x080016c8      0x184 src/radio.o
                0x080016c8                radio_init
 .text.radio_irq_handler
                0x0800184c      0x1d8 src/radio.o
                0x0800184c                radio_irq_handler
 .text.SysTick_Handler
                0x08001a24       0x14 src/stm32l0xx_it.o
                0x08001a24                SysTick_Handler
 .text.SystemInit
                0x08001a38       0x7c src/system_stm32l0xx.o
                0x08001a38                SystemInit
 .text.SystemCoreClockUpdate
                0x08001ab4      0x138 src/system_stm32l0xx.o
                0x08001ab4                SystemCoreClockUpdate
 .text.Reset_Handler
                0x08001bec       0x50 startup/startup_stm32l073xx.o
                0x08001bec                Reset_Handler
 .text.Default_Handler
                0x08001c3c        0x2 startup/startup_stm32l073xx.o
                0x08001c3c                TSC_IRQHandler
                0x08001c3c                HardFault_Handler
                0x08001c3c                ADC1_COMP_IRQHandler
                0x08001c3c                PVD_IRQHandler
                0x08001c3c                PendSV_Handler
                0x08001c3c                NMI_Handler
                0x08001c3c                I2C1_IRQHandler
                0x08001c3c                RCC_CRS_IRQHandler
                0x08001c3c                SPI1_IRQHandler
                0x08001c3c                TIM6_DAC_IRQHandler
                0x08001c3c                I2C2_IRQHandler
                0x08001c3c                RTC_IRQHandler
                0x08001c3c                LCD_IRQHandler
                0x08001c3c                DMA1_Channel4_5_6_7_IRQHandler
                0x08001c3c                TIM3_IRQHandler
                0x08001c3c                DMA1_Channel1_IRQHandler
                0x08001c3c                USART4_5_IRQHandler
                0x08001c3c                Default_Handler
                0x08001c3c                TIM7_IRQHandler
                0x08001c3c                USB_IRQHandler
                0x08001c3c                I2C3_IRQHandler
                0x08001c3c                SPI2_IRQHandler
                0x08001c3c                SVC_Handler
                0x08001c3c                TIM21_IRQHandler
                0x08001c3c                WWDG_IRQHandler
                0x08001c3c                TIM2_IRQHandler
                0x08001c3c                DMA1_Channel2_3_IRQHandler
                0x08001c3c                USART2_IRQHandler
                0x08001c3c                FLASH_IRQHandler
                0x08001c3c                USART1_IRQHandler
                0x08001c3c                RNG_LPUART1_IRQHandler
                0x08001c3c                LPTIM1_IRQHandler
 *fill*         0x08001c3e        0x2 
 .text.__libc_init_array
                0x08001c40       0x48 /home/nahit/Ac6/SystemWorkbench/plugins/fr.ac6.mcu.externaltools.arm-none.linux64_1.13.1.201703061524/tools/compiler/bin/../lib/gcc/arm-none-eabi/5.4.1/../../../../arm-none-eabi/lib/armv6-m/libc.a(lib_a-init.o)
                0x08001c40                __libc_init_array
 .text.memset   0x08001c88       0x8c /home/nahit/Ac6/SystemWorkbench/plugins/fr.ac6.mcu.externaltools.arm-none.linux64_1.13.1.201703061524/tools/compiler/bin/../lib/gcc/arm-none-eabi/5.4.1/../../../../arm-none-eabi/lib/armv6-m/libc.a(lib_a-memset.o)
                0x08001c88                memset
 .text.startup.register_fini
                0x08001d14       0x18 /home/nahit/Ac6/SystemWorkbench/plugins/fr.ac6.mcu.externaltools.arm-none.linux64_1.13.1.201703061524/tools/compiler/bin/../lib/gcc/arm-none-eabi/5.4.1/../../../../arm-none-eabi/lib/armv6-m/libc.a(lib_a-__call_atexit.o)
 .text.atexit   0x08001d2c       0x10 /home/nahit/Ac6/SystemWorkbench/plugins/fr.ac6.mcu.externaltools.arm-none.linux64_1.13.1.201703061524/tools/compiler/bin/../lib/gcc/arm-none-eabi/5.4.1/../../../../arm-none-eabi/lib/armv6-m/libc.a(lib_a-atexit.o)
                0x08001d2c                atexit
 .text.__libc_fini_array
                0x08001d3c       0x34 /home/nahit/Ac6/SystemWorkbench/plugins/fr.ac6.mcu.externaltools.arm-none.linux64_1.13.1.201703061524/tools/compiler/bin/../lib/gcc/arm-none-eabi/5.4.1/../../../../arm-none-eabi/lib/armv6-m/libc.a(lib_a-fini.o)
                0x08001d3c                __libc_fini_array
 .text.__register_exitproc
                0x08001d70       0xd4 /home/nahit/Ac6/SystemWorkbench/plugins/fr.ac6.mcu.externaltools.arm-none.linux64_1.13.1.201703061524/tools/compiler/bin/../lib/gcc/arm-none-eabi/5.4.1/../../../../arm-none-eabi/lib/armv6-m/libc.a(lib_a-__atexit.o)
                0x08001d70                __register_exitproc
 *(.glue_7)
 .glue_7        0x08001e44        0x0 linker stubs
 *(.glue_7t)
 .glue_7t       0x08001e44        0x0 linker stubs
 *(.eh_frame)
 .eh_frame      0x08001e44        0x0 /home/nahit/Ac6/SystemWorkbench/plugins/fr.ac6.mcu.externaltools.arm-none.linux64_1.13.1.201703061524/tools/compiler/bin/../lib/gcc/arm-none-eabi/5.4.1/armv6-m/crtbegin.o
 *(.init)
 .init          0x08001e44        0x4 /home/nahit/Ac6/SystemWorkbench/plugins/fr.ac6.mcu.externaltools.arm-none.linux64_1.13.1.201703061524/tools/compiler/bin/../lib/gcc/arm-none-eabi/5.4.1/armv6-m/crti.o
                0x08001e44                _init
 .init          0x08001e48        0x8 /home/nahit/Ac6/SystemWorkbench/plugins/fr.ac6.mcu.externaltools.arm-none.linux64_1.13.1.201703061524/tools/compiler/bin/../lib/gcc/arm-none-eabi/5.4.1/armv6-m/crtn.o
 *(.fini)
 .fini          0x08001e50        0x4 /home/nahit/Ac6/SystemWorkbench/plugins/fr.ac6.mcu.externaltools.arm-none.linux64_1.13.1.201703061524/tools/compiler/bin/../lib/gcc/arm-none-eabi/5.4.1/armv6-m/crti.o
                0x08001e50                _fini
 .fini          0x08001e54        0x8 /home/nahit/Ac6/SystemWorkbench/plugins/fr.ac6.mcu.externaltools.arm-none.linux64_1.13.1.201703061524/tools/compiler/bin/../lib/gcc/arm-none-eabi/5.4.1/armv6-m/crtn.o
                0x08001e5c                . = ALIGN (0x4)
                0x08001e5c                _etext = .

.vfp11_veneer   0x08001e5c        0x0
 .vfp11_veneer  0x08001e5c        0x0 linker stubs

.v4_bx          0x08001e5c        0x0
 .v4_bx         0x08001e5c        0x0 linker stubs

.iplt           0x08001e5c        0x0
 .iplt          0x08001e5c        0x0 /home/nahit/Ac6/SystemWorkbench/plugins/fr.ac6.mcu.externaltools.arm-none.linux64_1.13.1.201703061524/tools/compiler/bin/../lib/gcc/arm-none-eabi/5.4.1/armv6-m/crtbegin.o

.rodata         0x08001e5c      0x180
                0x08001e5c                . = ALIGN (0x4)
 *(.rodata)
 .rodata        0x08001e5c      0x11f src/debug.o
 *fill*         0x08001f7b        0x1 
 .rodata        0x08001f7c        0xa src/hal.o
 *fill*         0x08001f86        0x2 
 .rodata        0x08001f88       0x17 src/main.o
 *fill*         0x08001f9f        0x1 
 .rodata        0x08001fa0       0x12 src/radio.o
 *fill*         0x08001fb2        0x2 
 .rodata        0x08001fb4       0x21 src/system_stm32l0xx.o
                0x08001fb4                AHBPrescTable
                0x08001fc4                APBPrescTable
                0x08001fcc                PLLMulTable
 *(.rodata*)
 *fill*         0x08001fd5        0x3 
 .rodata._global_impure_ptr
                0x08001fd8        0x4 /home/nahit/Ac6/SystemWorkbench/plugins/fr.ac6.mcu.externaltools.arm-none.linux64_1.13.1.201703061524/tools/compiler/bin/../lib/gcc/arm-none-eabi/5.4.1/../../../../arm-none-eabi/lib/armv6-m/libc.a(lib_a-impure.o)
                0x08001fd8                _global_impure_ptr
                0x08001fdc                . = ALIGN (0x4)

.ARM.extab
 *(.ARM.extab* .gnu.linkonce.armextab.*)

.ARM            0x08001fdc        0x8
                0x08001fdc                __exidx_start = .
 *(.ARM.exidx*)
 .ARM.exidx     0x08001fdc        0x8 /home/nahit/Ac6/SystemWorkbench/plugins/fr.ac6.mcu.externaltools.arm-none.linux64_1.13.1.201703061524/tools/compiler/bin/../lib/gcc/arm-none-eabi/5.4.1/armv6-m/libgcc.a(_udivmoddi4.o)
                0x08001fe4                __exidx_end = .

.rel.dyn        0x08001fe4        0x0
 .rel.iplt      0x08001fe4        0x0 /home/nahit/Ac6/SystemWorkbench/plugins/fr.ac6.mcu.externaltools.arm-none.linux64_1.13.1.201703061524/tools/compiler/bin/../lib/gcc/arm-none-eabi/5.4.1/armv6-m/crtbegin.o

.preinit_array  0x08001fe4        0x0
                0x08001fe4                PROVIDE (__preinit_array_start, .)
 *(.preinit_array*)
                0x08001fe4                PROVIDE (__preinit_array_end, .)

.init_array     0x08001fe4        0x8
                0x08001fe4                PROVIDE (__init_array_start, .)
 *(SORT(.init_array.*))
 .init_array.00000
                0x08001fe4        0x4 /home/nahit/Ac6/SystemWorkbench/plugins/fr.ac6.mcu.externaltools.arm-none.linux64_1.13.1.201703061524/tools/compiler/bin/../lib/gcc/arm-none-eabi/5.4.1/../../../../arm-none-eabi/lib/armv6-m/libc.a(lib_a-__call_atexit.o)
 *(.init_array*)
 .init_array    0x08001fe8        0x4 /home/nahit/Ac6/SystemWorkbench/plugins/fr.ac6.mcu.externaltools.arm-none.linux64_1.13.1.201703061524/tools/compiler/bin/../lib/gcc/arm-none-eabi/5.4.1/armv6-m/crtbegin.o
                0x08001fec                PROVIDE (__init_array_end, .)

.fini_array     0x08001fec        0x4
                0x08001fec                PROVIDE (__fini_array_start, .)
 *(SORT(.fini_array.*))
 *(.fini_array*)
 .fini_array    0x08001fec        0x4 /home/nahit/Ac6/SystemWorkbench/plugins/fr.ac6.mcu.externaltools.arm-none.linux64_1.13.1.201703061524/tools/compiler/bin/../lib/gcc/arm-none-eabi/5.4.1/armv6-m/crtbegin.o
                0x08001ff0                PROVIDE (__fini_array_end, .)
                0x08001ff0                _sidata = LOADADDR (.data)

.data           0x20000000      0x430 load address 0x08001ff0
                0x20000000                . = ALIGN (0x4)
                0x20000000                _sdata = .
 *(.data)
 .data          0x20000000        0x4 src/system_stm32l0xx.o
                0x20000000                SystemCoreClock
 *(.data*)
 *fill*         0x20000004        0x4 
 .data.impure_data
                0x20000008      0x428 /home/nahit/Ac6/SystemWorkbench/plugins/fr.ac6.mcu.externaltools.arm-none.linux64_1.13.1.201703061524/tools/compiler/bin/../lib/gcc/arm-none-eabi/5.4.1/../../../../arm-none-eabi/lib/armv6-m/libc.a(lib_a-impure.o)
                0x20000430                . = ALIGN (0x4)
                0x20000430                _edata = .

.jcr            0x20000430        0x0 load address 0x08002420
 .jcr           0x20000430        0x0 /home/nahit/Ac6/SystemWorkbench/plugins/fr.ac6.mcu.externaltools.arm-none.linux64_1.13.1.201703061524/tools/compiler/bin/../lib/gcc/arm-none-eabi/5.4.1/armv6-m/crtbegin.o

.igot.plt       0x20000430        0x0 load address 0x08002420
 .igot.plt      0x20000430        0x0 /home/nahit/Ac6/SystemWorkbench/plugins/fr.ac6.mcu.externaltools.arm-none.linux64_1.13.1.201703061524/tools/compiler/bin/../lib/gcc/arm-none-eabi/5.4.1/armv6-m/crtbegin.o
                0x20000430                . = ALIGN (0x4)

.bss            0x20000430      0x1f0 load address 0x08002420
                0x20000430                _sbss = .
                0x20000430                __bss_start__ = _sbss
 *(.bss)
 .bss           0x20000430       0x1c /home/nahit/Ac6/SystemWorkbench/plugins/fr.ac6.mcu.externaltools.arm-none.linux64_1.13.1.201703061524/tools/compiler/bin/../lib/gcc/arm-none-eabi/5.4.1/armv6-m/crtbegin.o
 .bss           0x2000044c        0x8 src/hal.o
 .bss           0x20000454        0x4 src/main.o
 .bss           0x20000458        0x8 src/oslmic.o
 .bss           0x20000460       0x10 src/radio.o
 *(.bss*)
 *(COMMON)
 COMMON         0x20000470        0x4 HAL_Driver/Src/stm32l0xx_hal.o
                0x20000470                uwTick
 COMMON         0x20000474      0x1ac src/lmic.o
                0x20000474                LMIC
                0x20000620                . = ALIGN (0x4)
                0x20000620                _ebss = .
                0x20000620                __bss_end__ = _ebss

._user_heap_stack
                0x20000620      0x600 load address 0x08002420
                0x20000620                . = ALIGN (0x8)
                0x20000620                PROVIDE (end, .)
                [!provide]                PROVIDE (_end, .)
                0x20000820                . = (. + _Min_Heap_Size)
 *fill*         0x20000620      0x200 
                0x20000c20                . = (. + _Min_Stack_Size)
 *fill*         0x20000820      0x400 
                0x20000c20                . = ALIGN (0x8)

/DISCARD/
 libc.a(*)
 libm.a(*)
 libgcc.a(*)

.ARM.attributes
                0x00000000       0x28
 *(.ARM.attributes)
 .ARM.attributes
                0x00000000       0x1e /home/nahit/Ac6/SystemWorkbench/plugins/fr.ac6.mcu.externaltools.arm-none.linux64_1.13.1.201703061524/tools/compiler/bin/../lib/gcc/arm-none-eabi/5.4.1/armv6-m/crti.o
 .ARM.attributes
                0x0000001e       0x2c /home/nahit/Ac6/SystemWorkbench/plugins/fr.ac6.mcu.externaltools.arm-none.linux64_1.13.1.201703061524/tools/compiler/bin/../lib/gcc/arm-none-eabi/5.4.1/armv6-m/crtbegin.o
 .ARM.attributes
                0x0000004a       0x32 HAL_Driver/Src/stm32l0xx_hal.o
 .ARM.attributes
                0x0000007c       0x32 HAL_Driver/Src/stm32l0xx_hal_cortex.o
 .ARM.attributes
                0x000000ae       0x32 src/debug.o
 .ARM.attributes
                0x000000e0       0x32 src/hal.o
 .ARM.attributes
                0x00000112       0x32 src/hw.o
 .ARM.attributes
                0x00000144       0x32 src/lmic.o
 .ARM.attributes
                0x00000176       0x32 src/main.o
 .ARM.attributes
                0x000001a8       0x32 src/oslmic.o
 .ARM.attributes
                0x000001da       0x32 src/radio.o
 .ARM.attributes
                0x0000020c       0x32 src/stm32l0xx_it.o
 .ARM.attributes
                0x0000023e       0x32 src/system_stm32l0xx.o
 .ARM.attributes
                0x00000270       0x22 startup/startup_stm32l073xx.o
 .ARM.attributes
                0x00000292       0x1e /home/nahit/Ac6/SystemWorkbench/plugins/fr.ac6.mcu.externaltools.arm-none.linux64_1.13.1.201703061524/tools/compiler/bin/../lib/gcc/arm-none-eabi/5.4.1/armv6-m/libgcc.a(_udivsi3.o)
 .ARM.attributes
                0x000002b0       0x1e /home/nahit/Ac6/SystemWorkbench/plugins/fr.ac6.mcu.externaltools.arm-none.linux64_1.13.1.201703061524/tools/compiler/bin/../lib/gcc/arm-none-eabi/5.4.1/armv6-m/libgcc.a(_dvmd_tls.o)
 .ARM.attributes
                0x000002ce       0x1e /home/nahit/Ac6/SystemWorkbench/plugins/fr.ac6.mcu.externaltools.arm-none.linux64_1.13.1.201703061524/tools/compiler/bin/../lib/gcc/arm-none-eabi/5.4.1/armv6-m/libgcc.a(_aeabi_uldivmod.o)
 .ARM.attributes
                0x000002ec       0x2c /home/nahit/Ac6/SystemWorkbench/plugins/fr.ac6.mcu.externaltools.arm-none.linux64_1.13.1.201703061524/tools/compiler/bin/../lib/gcc/arm-none-eabi/5.4.1/armv6-m/libgcc.a(_udivmoddi4.o)
 .ARM.attributes
                0x00000318       0x1e /home/nahit/Ac6/SystemWorkbench/plugins/fr.ac6.mcu.externaltools.arm-none.linux64_1.13.1.201703061524/tools/compiler/bin/../lib/gcc/arm-none-eabi/5.4.1/armv6-m/libgcc.a(_clzdi2.o)
 .ARM.attributes
                0x00000336       0x1e /home/nahit/Ac6/SystemWorkbench/plugins/fr.ac6.mcu.externaltools.arm-none.linux64_1.13.1.201703061524/tools/compiler/bin/../lib/gcc/arm-none-eabi/5.4.1/armv6-m/libgcc.a(_clzsi2.o)
 .ARM.attributes
                0x00000354       0x2c /home/nahit/Ac6/SystemWorkbench/plugins/fr.ac6.mcu.externaltools.arm-none.linux64_1.13.1.201703061524/tools/compiler/bin/../lib/gcc/arm-none-eabi/5.4.1/../../../../arm-none-eabi/lib/armv6-m/libc.a(lib_a-impure.o)
 .ARM.attributes
                0x00000380       0x2c /home/nahit/Ac6/SystemWorkbench/plugins/fr.ac6.mcu.externaltools.arm-none.linux64_1.13.1.201703061524/tools/compiler/bin/../lib/gcc/arm-none-eabi/5.4.1/../../../../arm-none-eabi/lib/armv6-m/libc.a(lib_a-init.o)
 .ARM.attributes
                0x000003ac       0x2c /home/nahit/Ac6/SystemWorkbench/plugins/fr.ac6.mcu.externaltools.arm-none.linux64_1.13.1.201703061524/tools/compiler/bin/../lib/gcc/arm-none-eabi/5.4.1/../../../../arm-none-eabi/lib/armv6-m/libc.a(lib_a-memset.o)
 .ARM.attributes
                0x000003d8       0x2c /home/nahit/Ac6/SystemWorkbench/plugins/fr.ac6.mcu.externaltools.arm-none.linux64_1.13.1.201703061524/tools/compiler/bin/../lib/gcc/arm-none-eabi/5.4.1/../../../../arm-none-eabi/lib/armv6-m/libc.a(lib_a-__call_atexit.o)
 .ARM.attributes
                0x00000404       0x2c /home/nahit/Ac6/SystemWorkbench/plugins/fr.ac6.mcu.externaltools.arm-none.linux64_1.13.1.201703061524/tools/compiler/bin/../lib/gcc/arm-none-eabi/5.4.1/../../../../arm-none-eabi/lib/armv6-m/libc.a(lib_a-atexit.o)
 .ARM.attributes
                0x00000430       0x2c /home/nahit/Ac6/SystemWorkbench/plugins/fr.ac6.mcu.externaltools.arm-none.linux64_1.13.1.201703061524/tools/compiler/bin/../lib/gcc/arm-none-eabi/5.4.1/../../../../arm-none-eabi/lib/armv6-m/libc.a(lib_a-fini.o)
 .ARM.attributes
                0x0000045c       0x2c /home/nahit/Ac6/SystemWorkbench/plugins/fr.ac6.mcu.externaltools.arm-none.linux64_1.13.1.201703061524/tools/compiler/bin/../lib/gcc/arm-none-eabi/5.4.1/../../../../arm-none-eabi/lib/armv6-m/libc.a(lib_a-__atexit.o)
 .ARM.attributes
                0x00000488       0x1e /home/nahit/Ac6/SystemWorkbench/plugins/fr.ac6.mcu.externaltools.arm-none.linux64_1.13.1.201703061524/tools/compiler/bin/../lib/gcc/arm-none-eabi/5.4.1/armv6-m/crtn.o
OUTPUT(lmic_stm32.elf elf32-littlearm)

.debug_info     0x00000000     0x709f
 .debug_info    0x00000000      0x70f HAL_Driver/Src/stm32l0xx_hal.o
 .debug_info    0x0000070f      0x808 HAL_Driver/Src/stm32l0xx_hal_cortex.o
 .debug_info    0x00000f17      0x6c6 src/debug.o
 .debug_info    0x000015dd      0xcb3 src/hal.o
 .debug_info    0x00002290      0x768 src/hw.o
 .debug_info    0x000029f8     0x2a8a src/lmic.o
 .debug_info    0x00005482      0x4e2 src/main.o
 .debug_info    0x00005964      0x4d2 src/oslmic.o
 .debug_info    0x00005e36      0xde8 src/radio.o
 .debug_info    0x00006c1e       0x96 src/stm32l0xx_it.o
 .debug_info    0x00006cb4      0x376 src/system_stm32l0xx.o
 .debug_info    0x0000702a       0x75 startup/startup_stm32l073xx.o

.debug_abbrev   0x00000000     0x145b
 .debug_abbrev  0x00000000      0x1d2 HAL_Driver/Src/stm32l0xx_hal.o
 .debug_abbrev  0x000001d2      0x259 HAL_Driver/Src/stm32l0xx_hal_cortex.o
 .debug_abbrev  0x0000042b      0x189 src/debug.o
 .debug_abbrev  0x000005b4      0x30a src/hal.o
 .debug_abbrev  0x000008be      0x16d src/hw.o
 .debug_abbrev  0x00000a2b      0x3c5 src/lmic.o
 .debug_abbrev  0x00000df0      0x154 src/main.o
 .debug_abbrev  0x00000f44      0x193 src/oslmic.o
 .debug_abbrev  0x000010d7      0x23a src/radio.o
 .debug_abbrev  0x00001311       0x45 src/stm32l0xx_it.o
 .debug_abbrev  0x00001356       0xf3 src/system_stm32l0xx.o
 .debug_abbrev  0x00001449       0x12 startup/startup_stm32l073xx.o

.debug_aranges  0x00000000      0x870
 .debug_aranges
                0x00000000       0xe0 HAL_Driver/Src/stm32l0xx_hal.o
 .debug_aranges
                0x000000e0       0xc8 HAL_Driver/Src/stm32l0xx_hal_cortex.o
 .debug_aranges
                0x000001a8       0x78 src/debug.o
 .debug_aranges
                0x00000220       0xc8 src/hal.o
 .debug_aranges
                0x000002e8       0x40 src/hw.o
 .debug_aranges
                0x00000328      0x380 src/lmic.o
 .debug_aranges
                0x000006a8       0x48 src/main.o
 .debug_aranges
                0x000006f0       0x50 src/oslmic.o
 .debug_aranges
                0x00000740       0xc0 src/radio.o
 .debug_aranges
                0x00000800       0x20 src/stm32l0xx_it.o
 .debug_aranges
                0x00000820       0x28 src/system_stm32l0xx.o
 .debug_aranges
                0x00000848       0x28 startup/startup_stm32l073xx.o

.debug_ranges   0x00000000      0x7e8
 .debug_ranges  0x00000000       0xd0 HAL_Driver/Src/stm32l0xx_hal.o
 .debug_ranges  0x000000d0       0xb8 HAL_Driver/Src/stm32l0xx_hal_cortex.o
 .debug_ranges  0x00000188       0x68 src/debug.o
 .debug_ranges  0x000001f0       0xb8 src/hal.o
 .debug_ranges  0x000002a8       0x30 src/hw.o
 .debug_ranges  0x000002d8      0x3a0 src/lmic.o
 .debug_ranges  0x00000678       0x38 src/main.o
 .debug_ranges  0x000006b0       0x40 src/oslmic.o
 .debug_ranges  0x000006f0       0xb0 src/radio.o
 .debug_ranges  0x000007a0       0x10 src/stm32l0xx_it.o
 .debug_ranges  0x000007b0       0x18 src/system_stm32l0xx.o
 .debug_ranges  0x000007c8       0x20 startup/startup_stm32l073xx.o

.debug_macro    0x00000000    0x188ad
 .debug_macro   0x00000000      0x44d HAL_Driver/Src/stm32l0xx_hal.o
 .debug_macro   0x0000044d      0x862 HAL_Driver/Src/stm32l0xx_hal.o
 .debug_macro   0x00000caf      0x115 HAL_Driver/Src/stm32l0xx_hal.o
 .debug_macro   0x00000dc4       0x28 HAL_Driver/Src/stm32l0xx_hal.o
 .debug_macro   0x00000dec       0x28 HAL_Driver/Src/stm32l0xx_hal.o
 .debug_macro   0x00000e14       0x22 HAL_Driver/Src/stm32l0xx_hal.o
 .debug_macro   0x00000e36       0x87 HAL_Driver/Src/stm32l0xx_hal.o
 .debug_macro   0x00000ebd       0x44 HAL_Driver/Src/stm32l0xx_hal.o
 .debug_macro   0x00000f01       0xfd HAL_Driver/Src/stm32l0xx_hal.o
 .debug_macro   0x00000ffe       0x5e HAL_Driver/Src/stm32l0xx_hal.o
 .debug_macro   0x0000105c      0x1df HAL_Driver/Src/stm32l0xx_hal.o
 .debug_macro   0x0000123b       0x34 HAL_Driver/Src/stm32l0xx_hal.o
 .debug_macro   0x0000126f       0x26 HAL_Driver/Src/stm32l0xx_hal.o
 .debug_macro   0x00001295      0x44f HAL_Driver/Src/stm32l0xx_hal.o
 .debug_macro   0x000016e4     0xa3ff HAL_Driver/Src/stm32l0xx_hal.o
 .debug_macro   0x0000bae3       0x3c HAL_Driver/Src/stm32l0xx_hal.o
 .debug_macro   0x0000bb1f     0x34a2 HAL_Driver/Src/stm32l0xx_hal.o
 .debug_macro   0x0000efc1       0x52 HAL_Driver/Src/stm32l0xx_hal.o
 .debug_macro   0x0000f013       0x35 HAL_Driver/Src/stm32l0xx_hal.o
 .debug_macro   0x0000f048       0x9c HAL_Driver/Src/stm32l0xx_hal.o
 .debug_macro   0x0000f0e4       0x16 HAL_Driver/Src/stm32l0xx_hal.o
 .debug_macro   0x0000f0fa       0x97 HAL_Driver/Src/stm32l0xx_hal.o
 .debug_macro   0x0000f191      0x30d HAL_Driver/Src/stm32l0xx_hal.o
 .debug_macro   0x0000f49e       0xfd HAL_Driver/Src/stm32l0xx_hal.o
 .debug_macro   0x0000f59b       0x10 HAL_Driver/Src/stm32l0xx_hal.o
 .debug_macro   0x0000f5ab       0x52 HAL_Driver/Src/stm32l0xx_hal.o
 .debug_macro   0x0000f5fd       0x1f HAL_Driver/Src/stm32l0xx_hal.o
 .debug_macro   0x0000f61c       0x43 HAL_Driver/Src/stm32l0xx_hal.o
 .debug_macro   0x0000f65f       0x20 HAL_Driver/Src/stm32l0xx_hal.o
 .debug_macro   0x0000f67f      0x187 HAL_Driver/Src/stm32l0xx_hal.o
 .debug_macro   0x0000f806       0x10 HAL_Driver/Src/stm32l0xx_hal.o
 .debug_macro   0x0000f816       0x1c HAL_Driver/Src/stm32l0xx_hal.o
 .debug_macro   0x0000f832       0x52 HAL_Driver/Src/stm32l0xx_hal.o
 .debug_macro   0x0000f884       0x40 HAL_Driver/Src/stm32l0xx_hal.o
 .debug_macro   0x0000f8c4       0x10 HAL_Driver/Src/stm32l0xx_hal.o
 .debug_macro   0x0000f8d4       0x40 HAL_Driver/Src/stm32l0xx_hal.o
 .debug_macro   0x0000f914       0xd7 HAL_Driver/Src/stm32l0xx_hal.o
 .debug_macro   0x0000f9eb       0x16 HAL_Driver/Src/stm32l0xx_hal.o
 .debug_macro   0x0000fa01      0x18b HAL_Driver/Src/stm32l0xx_hal.o
 .debug_macro   0x0000fb8c       0x57 HAL_Driver/Src/stm32l0xx_hal.o
 .debug_macro   0x0000fbe3      0x8ee HAL_Driver/Src/stm32l0xx_hal.o
 .debug_macro   0x000104d1      0xbb7 HAL_Driver/Src/stm32l0xx_hal.o
 .debug_macro   0x00011088      0x14d HAL_Driver/Src/stm32l0xx_hal.o
 .debug_macro   0x000111d5      0x1d8 HAL_Driver/Src/stm32l0xx_hal.o
 .debug_macro   0x000113ad      0x29c HAL_Driver/Src/stm32l0xx_hal.o
 .debug_macro   0x00011649      0x1ef HAL_Driver/Src/stm32l0xx_hal.o
 .debug_macro   0x00011838      0x4f6 HAL_Driver/Src/stm32l0xx_hal.o
 .debug_macro   0x00011d2e       0x6c HAL_Driver/Src/stm32l0xx_hal.o
 .debug_macro   0x00011d9a      0x240 HAL_Driver/Src/stm32l0xx_hal.o
 .debug_macro   0x00011fda       0xc7 HAL_Driver/Src/stm32l0xx_hal.o
 .debug_macro   0x000120a1       0x4d HAL_Driver/Src/stm32l0xx_hal.o
 .debug_macro   0x000120ee       0x12 HAL_Driver/Src/stm32l0xx_hal.o
 .debug_macro   0x00012100      0x120 HAL_Driver/Src/stm32l0xx_hal.o
 .debug_macro   0x00012220       0xa0 HAL_Driver/Src/stm32l0xx_hal.o
 .debug_macro   0x000122c0      0x12a HAL_Driver/Src/stm32l0xx_hal.o
 .debug_macro   0x000123ea      0x4bb HAL_Driver/Src/stm32l0xx_hal.o
 .debug_macro   0x000128a5      0x202 HAL_Driver/Src/stm32l0xx_hal.o
 .debug_macro   0x00012aa7       0x5b HAL_Driver/Src/stm32l0xx_hal.o
 .debug_macro   0x00012b02       0x90 HAL_Driver/Src/stm32l0xx_hal.o
 .debug_macro   0x00012b92      0x1a0 HAL_Driver/Src/stm32l0xx_hal.o
 .debug_macro   0x00012d32       0x87 HAL_Driver/Src/stm32l0xx_hal.o
 .debug_macro   0x00012db9      0x3fa HAL_Driver/Src/stm32l0xx_hal.o
 .debug_macro   0x000131b3      0x255 HAL_Driver/Src/stm32l0xx_hal.o
 .debug_macro   0x00013408       0x46 HAL_Driver/Src/stm32l0xx_hal.o
 .debug_macro   0x0001344e      0x18f HAL_Driver/Src/stm32l0xx_hal.o
 .debug_macro   0x000135dd       0x16 HAL_Driver/Src/stm32l0xx_hal.o
 .debug_macro   0x000135f3       0x70 HAL_Driver/Src/stm32l0xx_hal.o
 .debug_macro   0x00013663      0x30c HAL_Driver/Src/stm32l0xx_hal.o
 .debug_macro   0x0001396f      0x41b HAL_Driver/Src/stm32l0xx_hal.o
 .debug_macro   0x00013d8a       0xdd HAL_Driver/Src/stm32l0xx_hal.o
 .debug_macro   0x00013e67      0x202 HAL_Driver/Src/stm32l0xx_hal.o
 .debug_macro   0x00014069      0x703 HAL_Driver/Src/stm32l0xx_hal.o
 .debug_macro   0x0001476c      0x159 HAL_Driver/Src/stm32l0xx_hal.o
 .debug_macro   0x000148c5      0x471 HAL_Driver/Src/stm32l0xx_hal.o
 .debug_macro   0x00014d36      0x54a HAL_Driver/Src/stm32l0xx_hal.o
 .debug_macro   0x00015280       0x44 HAL_Driver/Src/stm32l0xx_hal.o
 .debug_macro   0x000152c4      0x257 HAL_Driver/Src/stm32l0xx_hal.o
 .debug_macro   0x0001551b       0x31 HAL_Driver/Src/stm32l0xx_hal.o
 .debug_macro   0x0001554c      0x280 HAL_Driver/Src/stm32l0xx_hal.o
 .debug_macro   0x000157cc       0x10 HAL_Driver/Src/stm32l0xx_hal.o
 .debug_macro   0x000157dc      0x37c HAL_Driver/Src/stm32l0xx_hal.o
 .debug_macro   0x00015b58       0x10 HAL_Driver/Src/stm32l0xx_hal.o
 .debug_macro   0x00015b68      0x34f HAL_Driver/Src/stm32l0xx_hal.o
 .debug_macro   0x00015eb7       0x89 HAL_Driver/Src/stm32l0xx_hal.o
 .debug_macro   0x00015f40      0x265 HAL_Driver/Src/stm32l0xx_hal.o
 .debug_macro   0x000161a5      0x19b HAL_Driver/Src/stm32l0xx_hal.o
 .debug_macro   0x00016340      0x429 HAL_Driver/Src/stm32l0xx_hal_cortex.o
 .debug_macro   0x00016769      0x4a0 src/debug.o
 .debug_macro   0x00016c09       0x1c src/debug.o
 .debug_macro   0x00016c25       0xde src/debug.o
 .debug_macro   0x00016d03       0x11 src/debug.o
 .debug_macro   0x00016d14       0x1d src/debug.o
 .debug_macro   0x00016d31      0x4f7 src/hal.o
 .debug_macro   0x00017228      0x484 src/hw.o
 .debug_macro   0x000176ac      0x1a9 src/lmic.o
 .debug_macro   0x00017855      0x11f src/main.o
 .debug_macro   0x00017974      0x11b src/oslmic.o
 .debug_macro   0x00017a8f      0x5bc src/radio.o
 .debug_macro   0x0001804b      0x433 src/stm32l0xx_it.o
 .debug_macro   0x0001847e      0x42f src/system_stm32l0xx.o

.debug_line     0x00000000     0x745d
 .debug_line    0x00000000      0xc11 HAL_Driver/Src/stm32l0xx_hal.o
 .debug_line    0x00000c11      0xc35 HAL_Driver/Src/stm32l0xx_hal_cortex.o
 .debug_line    0x00001846      0xc33 src/debug.o
 .debug_line    0x00002479      0xd23 src/hal.o
 .debug_line    0x0000319c      0xb39 src/hw.o
 .debug_line    0x00003cd5     0x12ce src/lmic.o
 .debug_line    0x00004fa3      0x412 src/main.o
 .debug_line    0x000053b5      0x46d src/oslmic.o
 .debug_line    0x00005822      0x6c9 src/radio.o
 .debug_line    0x00005eeb      0xa7d src/stm32l0xx_it.o
 .debug_line    0x00006968      0xa72 src/system_stm32l0xx.o
 .debug_line    0x000073da       0x83 startup/startup_stm32l073xx.o

.debug_str      0x00000000    0xa4a4d
 .debug_str     0x00000000    0xa0973 HAL_Driver/Src/stm32l0xx_hal.o
                              0xa0d80 (size before relaxing)
 .debug_str     0x000a0973      0x2c2 HAL_Driver/Src/stm32l0xx_hal_cortex.o
                              0xa0baa (size before relaxing)
 .debug_str     0x000a0c35      0xe60 src/debug.o
                              0xa1547 (size before relaxing)
 .debug_str     0x000a1a95      0x44c src/hal.o
                              0xa1a4d (size before relaxing)
 .debug_str     0x000a1ee1      0x15f src/hw.o
                              0xa164e (size before relaxing)
 .debug_str     0x000a2040     0x1623 src/lmic.o
                               0x7262 (size before relaxing)
 .debug_str     0x000a3663       0x53 src/main.o
                               0x5bd3 (size before relaxing)
 .debug_str     0x000a36b6       0x8d src/oslmic.o
                               0x5b1b (size before relaxing)
 .debug_str     0x000a3743     0x1239 src/radio.o
                               0x7000 (size before relaxing)
 .debug_str     0x000a497c       0x38 src/stm32l0xx_it.o
                              0xa0659 (size before relaxing)
 .debug_str     0x000a49b4       0x99 src/system_stm32l0xx.o
                              0xa07b7 (size before relaxing)

.comment        0x00000000       0x6e
 .comment       0x00000000       0x6e HAL_Driver/Src/stm32l0xx_hal.o
                                 0x6f (size before relaxing)
 .comment       0x0000006e       0x6f HAL_Driver/Src/stm32l0xx_hal_cortex.o
 .comment       0x0000006e       0x6f src/debug.o
 .comment       0x0000006e       0x6f src/hal.o
 .comment       0x0000006e       0x6f src/hw.o
 .comment       0x0000006e       0x6f src/lmic.o
 .comment       0x0000006e       0x6f src/main.o
 .comment       0x0000006e       0x6f src/oslmic.o
 .comment       0x0000006e       0x6f src/radio.o
 .comment       0x0000006e       0x6f src/stm32l0xx_it.o
 .comment       0x0000006e       0x6f src/system_stm32l0xx.o

.debug_frame    0x00000000     0x1e7c
 .debug_frame   0x00000000      0x2e0 HAL_Driver/Src/stm32l0xx_hal.o
 .debug_frame   0x000002e0      0x2c4 HAL_Driver/Src/stm32l0xx_hal_cortex.o
 .debug_frame   0x000005a4      0x190 src/debug.o
 .debug_frame   0x00000734      0x2a0 src/hal.o
 .debug_frame   0x000009d4       0xb4 src/hw.o
 .debug_frame   0x00000a88      0xd84 src/lmic.o
 .debug_frame   0x0000180c       0xd0 src/main.o
 .debug_frame   0x000018dc       0xe8 src/oslmic.o
 .debug_frame   0x000019c4      0x2a8 src/radio.o
 .debug_frame   0x00001c6c       0x2c src/stm32l0xx_it.o
 .debug_frame   0x00001c98       0x4c src/system_stm32l0xx.o
 .debug_frame   0x00001ce4       0x20 /home/nahit/Ac6/SystemWorkbench/plugins/fr.ac6.mcu.externaltools.arm-none.linux64_1.13.1.201703061524/tools/compiler/bin/../lib/gcc/arm-none-eabi/5.4.1/armv6-m/libgcc.a(_udivsi3.o)
 .debug_frame   0x00001d04       0x3c /home/nahit/Ac6/SystemWorkbench/plugins/fr.ac6.mcu.externaltools.arm-none.linux64_1.13.1.201703061524/tools/compiler/bin/../lib/gcc/arm-none-eabi/5.4.1/armv6-m/libgcc.a(_udivmoddi4.o)
 .debug_frame   0x00001d40       0x2c /home/nahit/Ac6/SystemWorkbench/plugins/fr.ac6.mcu.externaltools.arm-none.linux64_1.13.1.201703061524/tools/compiler/bin/../lib/gcc/arm-none-eabi/5.4.1/../../../../arm-none-eabi/lib/armv6-m/libc.a(lib_a-init.o)
 .debug_frame   0x00001d6c       0x2c /home/nahit/Ac6/SystemWorkbench/plugins/fr.ac6.mcu.externaltools.arm-none.linux64_1.13.1.201703061524/tools/compiler/bin/../lib/gcc/arm-none-eabi/5.4.1/../../../../arm-none-eabi/lib/armv6-m/libc.a(lib_a-memset.o)
 .debug_frame   0x00001d98       0x54 /home/nahit/Ac6/SystemWorkbench/plugins/fr.ac6.mcu.externaltools.arm-none.linux64_1.13.1.201703061524/tools/compiler/bin/../lib/gcc/arm-none-eabi/5.4.1/../../../../arm-none-eabi/lib/armv6-m/libc.a(lib_a-__call_atexit.o)
 .debug_frame   0x00001dec       0x28 /home/nahit/Ac6/SystemWorkbench/plugins/fr.ac6.mcu.externaltools.arm-none.linux64_1.13.1.201703061524/tools/compiler/bin/../lib/gcc/arm-none-eabi/5.4.1/../../../../arm-none-eabi/lib/armv6-m/libc.a(lib_a-atexit.o)
 .debug_frame   0x00001e14       0x2c /home/nahit/Ac6/SystemWorkbench/plugins/fr.ac6.mcu.externaltools.arm-none.linux64_1.13.1.201703061524/tools/compiler/bin/../lib/gcc/arm-none-eabi/5.4.1/../../../../arm-none-eabi/lib/armv6-m/libc.a(lib_a-fini.o)
 .debug_frame   0x00001e40       0x3c /home/nahit/Ac6/SystemWorkbench/plugins/fr.ac6.mcu.externaltools.arm-none.linux64_1.13.1.201703061524/tools/compiler/bin/../lib/gcc/arm-none-eabi/5.4.1/../../../../arm-none-eabi/lib/armv6-m/libc.a(lib_a-__atexit.o)
